npm warn Unknown project config "shamefully-hoist". This will stop working in the next major version of npm.
npm warn Unknown project config "public-hoist-pattern". This will stop working in the next major version of npm.
npm warn Unknown project config "strict-peer-dependencies". This will stop working in the next major version of npm.
npm warn Unknown project config "auto-install-peers". This will stop working in the next major version of npm.

> gardops@0.1.0 build
> next build

 ⚠ Warning: Next.js inferred your workspace root, but it may not be correct.
 We detected multiple lockfiles and selected the directory of /Users/caco/package-lock.json as the root directory.
 To silence this warning, set `outputFileTracingRoot` in your Next.js config, or consider removing one of the lockfiles if it's not needed.
   See https://nextjs.org/docs/app/api-reference/config/next-config-js/output#caveats for more information.
 Detected additional lockfiles: 
   * /Users/caco/Desktop/GardOps/pnpm-lock.yaml

   ▲ Next.js 15.5.4
   - Environments: .env.local, .env.production, .env

   Creating an optimized production build ...
 ✓ Compiled successfully in 29.7s
   Skipping validation of types
   Skipping linting
   Collecting page data ...
[dotenv@17.2.3] injecting env (0) from .env.local -- tip: 🔐 prevent committing .env to code: https://dotenvx.com/precommit
[dotenv@17.2.3] injecting env (0) from .env.local -- tip: ⚙️  enable debug logging with { debug: true }
[dotenv@17.2.3] injecting env (0) from .env.local -- tip: 🔐 prevent building .env in docker: https://dotenvx.com/prebuild
[dotenv@17.2.3] injecting env (0) from .env.local -- tip: ⚙️  load multiple .env files with { path: ['.env.local', '.env'] }
[dotenv@17.2.3] injecting env (0) from .env.local -- tip: ⚙️  specify custom .env file path with { path: '/custom/path/.env' }
[dotenv@17.2.3] injecting env (0) from .env.local -- tip: ⚙️  load multiple .env files with { path: ['.env.local', '.env'] }
[dotenv@17.2.3] injecting env (0) from .env.local -- tip: 🔐 prevent committing .env to code: https://dotenvx.com/precommit
[dotenv@17.2.3] injecting env (0) from .env.local -- tip: 🗂️ backup and recover secrets: https://dotenvx.com/ops
 ⚠ Using edge runtime on a page currently disables static generation for that page
[dotenv@17.2.3] injecting env (0) from .env.local -- tip: ⚙️  load multiple .env files with { path: ['.env.local', '.env'] }
   Generating static pages (0/413) ...
   Generating static pages (103/413) 
   Generating static pages (206/413) 
[dotenv@17.2.3] injecting env (0) from .env.local -- tip: ⚙️  enable debug logging with { debug: true }
[dotenv@17.2.3] injecting env (0) from .env.local -- tip: ⚙️  specify custom .env file path with { path: '/custom/path/.env' }
[dotenv@17.2.3] injecting env (0) from .env.local -- tip: ⚙️  load multiple .env files with { path: ['.env.local', '.env'] }
[dotenv@17.2.3] injecting env (0) from .env.local -- tip: ✅ audit secrets and track compliance: https://dotenvx.com/ops
[dotenv@17.2.3] injecting env (0) from .env.local -- tip: 🔑 add access controls to secrets: https://dotenvx.com/ops
   Generating static pages (309/413) 
[dotenv@17.2.3] injecting env (0) from .env.local -- tip: ⚙️  suppress all logs with { quiet: true }
[dotenv@17.2.3] injecting env (0) from .env.local -- tip: ⚙️  write to custom object with { processEnv: myObject }
[dotenv@17.2.3] injecting env (0) from .env.local -- tip: ⚙️  specify custom .env file path with { path: '/custom/path/.env' }
[dotenv@17.2.3] injecting env (0) from .env.local -- tip: 🗂️ backup and recover secrets: https://dotenvx.com/ops
 ✓ Generating static pages (413/413)
   Finalizing page optimization ...
   Collecting build traces ...

Route (app)                                                         Size  First Load JS
┌ ○ /                                                            6.43 kB         118 kB
├ ○ /_not-found                                                  1.54 kB         103 kB
├ ○ /admin/seguridad                                             1.54 kB         103 kB
├ ○ /admin/seguridad/permisos                                    1.54 kB         103 kB
├ ○ /admin/seguridad/roles                                       1.54 kB         103 kB
├ ○ /admin/seguridad/tenants                                     1.54 kB         103 kB
├ ○ /admin/seguridad/usuarios                                    1.54 kB         103 kB
├ ○ /alertas                                                     9.35 kB         184 kB
├ ƒ /api/add-tenant-to-tipos-documentos                          1.54 kB         103 kB
├ ƒ /api/admin/actualizar-turnos-extras                          1.54 kB         103 kB
├ ƒ /api/admin/asignar-super-admin-carlos                        1.54 kB         103 kB
├ ƒ /api/admin/asignar-super-admin-gard                          1.54 kB         103 kB
├ ƒ /api/admin/audit-permisos-modulos                            1.54 kB         103 kB
├ ƒ /api/admin/audit-roles-permisos                              1.54 kB         103 kB
├ ƒ /api/admin/auditoria-rbac-produccion                         1.54 kB         103 kB
├ ƒ /api/admin/check-users                                       1.54 kB         103 kB
├ ƒ /api/admin/correcciones-criticas                             1.54 kB         103 kB
├ ƒ /api/admin/corregir-pauta-17                                 1.54 kB         103 kB
├ ƒ /api/admin/corregir-permisos-tenant-admin                    1.54 kB         103 kB
├ ƒ /api/admin/crear-permisos-faltantes                          1.54 kB         103 kB
├ ƒ /api/admin/crear-roles-estandar-tenant                       1.54 kB         103 kB
├ ƒ /api/admin/crear-roles-estandar-tenant-demo                  1.54 kB         103 kB
├ ƒ /api/admin/crear-roles-gard                                  1.54 kB         103 kB
├ ƒ /api/admin/crear-roles-simple                                1.54 kB         103 kB
├ ƒ /api/admin/crear-roles-tenant-demo                           1.54 kB         103 kB
├ ƒ /api/admin/crear-roles-test                                  1.54 kB         103 kB
├ ƒ /api/admin/create-test-notification                          1.54 kB         103 kB
├ ƒ /api/admin/debug-admin-demo                                  1.54 kB         103 kB
├ ƒ /api/admin/debug-asistencia                                  1.54 kB         103 kB
├ ƒ /api/admin/debug-funcion                                     1.54 kB         103 kB
├ ƒ /api/admin/debug-usuario-demo                                1.54 kB         103 kB
├ ƒ /api/admin/ejecutar-crear-roles                              1.54 kB         103 kB
├ ƒ /api/admin/eliminar-gardops                                  1.54 kB         103 kB
├ ƒ /api/admin/fix-admin-demo                                    1.54 kB         103 kB
├ ƒ /api/admin/fix-funcion-logic                                 1.54 kB         103 kB
├ ƒ /api/admin/fix-funcion-meta                                  1.54 kB         103 kB
├ ƒ /api/admin/fix-vista-pauta                                   1.54 kB         103 kB
├ ƒ /api/admin/investigate-triggers                              1.54 kB         103 kB
├ ƒ /api/admin/limpiar-y-crear-roles-produccion                  1.54 kB         103 kB
├ ƒ /api/admin/migrate-to-gard                                   1.54 kB         103 kB
├ ƒ /api/admin/optimizaciones-rbac                               1.54 kB         103 kB
├ ƒ /api/admin/optimizaciones-rbac/corregir-nomenclatura         1.54 kB         103 kB
├ ƒ /api/admin/rbac/assign-admin-role                            1.54 kB         103 kB
├ ƒ /api/admin/rbac/clean-test-user                              1.54 kB         103 kB
├ ƒ /api/admin/rbac/create-admin-role                            1.54 kB         103 kB
├ ƒ /api/admin/rbac/create-permissions-batch                     1.54 kB         103 kB
├ ƒ /api/admin/rbac/debug-permissions                            1.54 kB         103 kB
├ ƒ /api/admin/rbac/debug-permissions-public                     1.54 kB         103 kB
├ ƒ /api/admin/rbac/fix-admin-permissions                        1.54 kB         103 kB
├ ƒ /api/admin/rbac/permisos                                     1.54 kB         103 kB
├ ƒ /api/admin/rbac/permisos/[id]                                1.54 kB         103 kB
├ ƒ /api/admin/rbac/roles                                        1.54 kB         103 kB
├ ƒ /api/admin/rbac/roles/[id]                                   1.54 kB         103 kB
├ ƒ /api/admin/rbac/roles/[id]/make-admin-public                 1.54 kB         103 kB
├ ƒ /api/admin/rbac/roles/[id]/permisos                          1.54 kB         103 kB
├ ƒ /api/admin/rbac/usuarios                                     1.54 kB         103 kB
├ ƒ /api/admin/rbac/usuarios/[id]                                1.54 kB         103 kB
├ ƒ /api/admin/rbac/usuarios/[id]/roles                          1.54 kB         103 kB
├ ƒ /api/admin/sincronizar-asignacion                            1.54 kB         103 kB
├ ƒ /api/admin/tenants                                           1.54 kB         103 kB
├ ƒ /api/admin/tenants/[id]                                      1.54 kB         103 kB
├ ƒ /api/admin/tenants/create                                    1.54 kB         103 kB
├ ƒ /api/admin/tenants/usage                                     1.54 kB         103 kB
├ ƒ /api/admin/update-fn-marcar-extra                            1.54 kB         103 kB
├ ƒ /api/admin/update-fn-revertir                                1.54 kB         103 kB
├ ƒ /api/admin/verificar-admin-demo                              1.54 kB         103 kB
├ ƒ /api/admin/verificar-asignacion                              1.54 kB         103 kB
├ ƒ /api/admin/verificar-carlos                                  1.54 kB         103 kB
├ ƒ /api/admin/verificar-constraint-guardias                     1.54 kB         103 kB
├ ƒ /api/admin/verificar-estado-actual                           1.54 kB         103 kB
├ ƒ /api/admin/verificar-estructura                              1.54 kB         103 kB
├ ƒ /api/admin/verificar-funcion                                 1.54 kB         103 kB
├ ƒ /api/admin/verificar-pauta-17                                1.54 kB         103 kB
├ ƒ /api/admin/verificar-permisos                                1.54 kB         103 kB
├ ƒ /api/admin/verificar-permisos-actuales                       1.54 kB         103 kB
├ ƒ /api/admin/verificar-permisos-tenant-admin                   1.54 kB         103 kB
├ ƒ /api/admin/verificar-roles-tenant-demo                       1.54 kB         103 kB
├ ƒ /api/afps                                                    1.54 kB         103 kB
├ ƒ /api/alertas-documentos                                      1.54 kB         103 kB
├ ƒ /api/asignaciones/crear                                      1.54 kB         103 kB
├ ƒ /api/audit-database                                          1.54 kB         103 kB
├ ƒ /api/audit-documentos-table                                  1.54 kB         103 kB
├ ƒ /api/auth/login                                              1.54 kB         103 kB
├ ƒ /api/auth/me                                                 1.54 kB         103 kB
├ ƒ /api/auth/recuperar-contrasena                               1.54 kB         103 kB
├ ƒ /api/auth/restablecer-contrasena                             1.54 kB         103 kB
├ ƒ /api/auth/verificar-token                                    1.54 kB         103 kB
├ ƒ /api/bancos                                                  1.54 kB         103 kB
├ ƒ /api/central-monitoring/agenda                               1.54 kB         103 kB
├ ƒ /api/central-monitoring/agenda/generar                       1.54 kB         103 kB
├ ƒ /api/central-monitoring/config                               1.54 kB         103 kB
├ ƒ /api/central-monitoring/export                               1.54 kB         103 kB
├ ƒ /api/central-monitoring/filtros                              1.54 kB         103 kB
├ ƒ /api/central-monitoring/kpis                                 1.54 kB         103 kB
├ ƒ /api/central-monitoring/llamadas-actuales                    1.54 kB         103 kB
├ ƒ /api/central-monitoring/llamado/[id]                         1.54 kB         103 kB
├ ƒ /api/central-monitoring/llamado/[id]/observaciones           1.54 kB         103 kB
├ ƒ /api/central-monitoring/test                                 1.54 kB         103 kB
├ ƒ /api/central-monitoring/turnos-activos                       1.54 kB         103 kB
├ ƒ /api/check-as-turnos                                         1.54 kB         103 kB
├ ƒ /api/check-documentos-constraints                            1.54 kB         103 kB
├ ƒ /api/check-documentos-structure                              1.54 kB         103 kB
├ ƒ /api/check-documentos-uploaded                               1.54 kB         103 kB
├ ƒ /api/check-documents-structure                               1.54 kB         103 kB
├ ƒ /api/check-function-signature                                1.54 kB         103 kB
├ ƒ /api/check-guardias-structure                                1.54 kB         103 kB
├ ƒ /api/check-pautas                                            1.54 kB         103 kB
├ ƒ /api/check-r2-config                                         1.54 kB         103 kB
├ ƒ /api/check-sueldo-tables                                     1.54 kB         103 kB
├ ƒ /api/check-tables                                            1.54 kB         103 kB
├ ƒ /api/check-usuarios-structure                                1.54 kB         103 kB
├ ƒ /api/clean-duplicate-tramos                                  1.54 kB         103 kB
├ ƒ /api/cleanup-documents                                       1.54 kB         103 kB
├ ƒ /api/clientes                                                1.54 kB         103 kB
├ ƒ /api/clientes/[id]                                           1.54 kB         103 kB
├ ƒ /api/clientes/[id]/activar                                   1.54 kB         103 kB
├ ƒ /api/clientes/[id]/inactivar                                 1.54 kB         103 kB
├ ƒ /api/clientes/exportar                                       1.54 kB         103 kB
├ ƒ /api/clientes/importar                                       1.54 kB         103 kB
├ ƒ /api/clientes/plantilla                                      1.54 kB         103 kB
├ ƒ /api/complete-sueldo-migration                               1.54 kB         103 kB
├ ƒ /api/comunas                                                 1.54 kB         103 kB
├ ƒ /api/configuracion/postulaciones                             1.54 kB         103 kB
├ ƒ /api/configuracion/postulaciones/test-webhook                1.54 kB         103 kB
├ ƒ /api/configuracion/postulaciones/webhook-logs                1.54 kB         103 kB
├ ƒ /api/configuracion/sistema                                   1.54 kB         103 kB
├ ƒ /api/crear-roles-prueba                                      1.54 kB         103 kB
├ ƒ /api/create-planillas-table                                  1.54 kB         103 kB
├ ƒ /api/create-second-tenant                                    1.54 kB         103 kB
├ ƒ /api/dashboard/debug-docs-turnos                             1.54 kB         103 kB
├ ƒ /api/dashboard/debug-guardias                                1.54 kB         103 kB
├ ƒ /api/dashboard/kpis                                          1.54 kB         103 kB
├ ƒ /api/dashboard/kpis-simple                                   1.54 kB         103 kB
├ ƒ /api/dashboard/test                                          1.54 kB         103 kB
├ ƒ /api/database-status                                         1.54 kB         103 kB
├ ƒ /api/debug-auth                                              1.54 kB         103 kB
├ ƒ /api/debug-central-permissions                               1.54 kB         103 kB
├ ƒ /api/debug-central-role                                      1.54 kB         103 kB
├ ƒ /api/debug-clientes-auth                                     1.54 kB         103 kB
├ ƒ /api/debug-fn-permiso                                        1.54 kB         103 kB
├ ƒ /api/debug-guardias                                          1.54 kB         103 kB
├ ƒ /api/debug-headers                                           1.54 kB         103 kB
├ ƒ /api/debug-ppc                                               1.54 kB         103 kB
├ ƒ /api/debug-rbac-can                                          1.54 kB         103 kB
├ ƒ /api/debug-roles                                             1.54 kB         103 kB
├ ƒ /api/debug/crear-ppc-embajada-brasil                         1.54 kB         103 kB
├ ƒ /api/debug/guardias-fantasma                                 1.54 kB         103 kB
├ ƒ /api/debug/limpiar-fantasma                                  1.54 kB         103 kB
├ ƒ /api/debug/pauta-mensual                                     1.54 kB         103 kB
├ ƒ /api/debug/pauta-registro/[id]                               1.54 kB         103 kB
├ ƒ /api/debug/puestos-operativos                                1.54 kB         103 kB
├ ƒ /api/debug/regenerar-pauta-completa                          1.54 kB         103 kB
├ ƒ /api/debug/verificar-completa                                1.54 kB         103 kB
├ ƒ /api/debug/verificar-db                                      1.54 kB         103 kB
├ ƒ /api/debug/verificar-dia-especifico                          1.54 kB         103 kB
├ ƒ /api/debug/verificar-pauta-bd                                1.54 kB         103 kB
├ ƒ /api/debug/whoami                                            1.54 kB         103 kB
├ ƒ /api/describe-clientes                                       1.54 kB         103 kB
├ ƒ /api/doc/templates                                           1.54 kB         103 kB
├ ƒ /api/doc/templates/[id]                                      1.54 kB         103 kB
├ ƒ /api/document-url                                            1.54 kB         103 kB
├ ƒ /api/documentos                                              1.54 kB         103 kB
├ ƒ /api/documentos-clientes                                     1.54 kB         103 kB
├ ƒ /api/documentos-global                                       1.54 kB         103 kB
├ ƒ /api/documentos-guardias                                     1.54 kB         103 kB
├ ƒ /api/documentos-instalaciones                                1.54 kB         103 kB
├ ƒ /api/documentos-por-cliente                                  1.54 kB         103 kB
├ ƒ /api/documentos/[id]                                         1.54 kB         103 kB
├ ƒ /api/documentos/[id]/fecha-vencimiento                       1.54 kB         103 kB
├ ƒ /api/documents                                               1.54 kB         103 kB
├ ƒ /api/download-document                                       1.54 kB         103 kB
├ ƒ /api/estructuras-servicio/[estructuraId]/activar             1.54 kB         103 kB
├ ƒ /api/estructuras-servicio/[estructuraId]/inactivar           1.54 kB         103 kB
├ ƒ /api/estructuras-servicio/global                             1.54 kB         103 kB
├ ƒ /api/estructuras-sueldo                                      1.54 kB         103 kB
├ ƒ /api/estructuras-sueldo/[id]                                 1.54 kB         103 kB
├ ƒ /api/estructuras-sueldo/[id]/inactivar                       1.54 kB         103 kB
├ ƒ /api/estructuras-sueldo/[id]/toggle-activo                   1.54 kB         103 kB
├ ƒ /api/estructuras-sueldo/inactivar                            1.54 kB         103 kB
├ ƒ /api/estructuras-sueldo/por-rol/[id]                         1.54 kB         103 kB
├ ƒ /api/events/turnos                                           1.54 kB         103 kB
├ ƒ /api/final-fix-sueldo                                        1.54 kB         103 kB
├ ƒ /api/fix-admin-permissions-direct                            1.54 kB         103 kB
├ ƒ /api/fix-clientes-permission                                 1.54 kB         103 kB
├ ƒ /api/fix-documentos-constraint                               1.54 kB         103 kB
├ ƒ /api/fix-historial-constraint                                1.54 kB         103 kB
├ ƒ /api/fix-rbac-system                                         1.54 kB         103 kB
├ ƒ /api/fix-sueldo-tables                                       1.54 kB         103 kB
├ ƒ /api/flags                                                   1.54 kB         103 kB
├ ƒ /api/guardias                                                1.54 kB         103 kB
├ ƒ /api/guardias-con-coordenadas                                1.54 kB         103 kB
├ ƒ /api/guardias-test                                           1.54 kB         103 kB
├ ƒ /api/guardias/[id]                                           1.54 kB         103 kB
├ ƒ /api/guardias/[id]/activar                                   1.54 kB         103 kB
├ ƒ /api/guardias/[id]/asignacion                                1.54 kB         103 kB
├ ƒ /api/guardias/[id]/asignacion-activa                         1.54 kB         103 kB
├ ƒ /api/guardias/[id]/asignacion-actual                         1.54 kB         103 kB
├ ƒ /api/guardias/[id]/asignaciones                              1.54 kB         103 kB
├ ƒ /api/guardias/[id]/bancarios                                 1.54 kB         103 kB
├ ƒ /api/guardias/[id]/banco                                     1.54 kB         103 kB
├ ƒ /api/guardias/[id]/fecha-os10                                1.54 kB         103 kB
├ ƒ /api/guardias/[id]/historial-asignaciones                    1.54 kB         103 kB
├ ƒ /api/guardias/[id]/historial-mensual                         1.54 kB         103 kB
├ ƒ /api/guardias/[id]/inactivar                                 1.54 kB         103 kB
├ ƒ /api/guardias/[id]/pagos                                     1.54 kB         103 kB
├ ƒ /api/guardias/[id]/pagos-turnos-extras                       1.54 kB         103 kB
├ ƒ /api/guardias/[id]/pagos/[pago_id]/csv                       1.54 kB         103 kB
├ ƒ /api/guardias/[id]/reasignar                                 1.54 kB         103 kB
├ ƒ /api/guardias/[id]/resumen-dias                              1.54 kB         103 kB
├ ƒ /api/guardias/[id]/terminar-asignacion                       1.54 kB         103 kB
├ ƒ /api/guardias/[id]/verificar-asignacion                      1.54 kB         103 kB
├ ƒ /api/guardias/buscar                                         1.54 kB         103 kB
├ ƒ /api/guardias/calcular-vacaciones                            1.54 kB         103 kB
├ ƒ /api/guardias/conflictos                                     1.54 kB         103 kB
├ ƒ /api/guardias/disponibles                                    1.54 kB         103 kB
├ ƒ /api/guardias/exportar                                       1.54 kB         103 kB
├ ƒ /api/guardias/geocodificar                                   1.54 kB         103 kB
├ ƒ /api/guardias/guardia-metrics                                1.54 kB         103 kB
├ ƒ /api/guardias/importar                                       1.54 kB         103 kB
├ ƒ /api/guardias/os10-kpis                                      1.54 kB         103 kB
├ ƒ /api/guardias/permisos                                       1.54 kB         103 kB
├ ƒ /api/guardias/permisos/[id]                                  1.54 kB         103 kB
├ ƒ /api/guardias/plantilla                                      1.54 kB         103 kB
├ ƒ /api/guardias/vacaciones-stats                               1.54 kB         103 kB
├ ƒ /api/guardias/verificar-rut                                  1.54 kB         103 kB
├ ƒ /api/guards/nearby                                           1.54 kB         103 kB
├ ƒ /api/home-kpis                                               1.54 kB         103 kB
├ ƒ /api/init-users                                              1.54 kB         103 kB
├ ƒ /api/instalaciones                                           1.54 kB         103 kB
├ ƒ /api/instalaciones-con-coordenadas                           1.54 kB         103 kB
├ ƒ /api/instalaciones-con-ppc-activos                           1.54 kB         103 kB
├ ƒ /api/instalaciones-con-turnos-extras                         1.54 kB         103 kB
├ ƒ /api/instalaciones/[id]                                      1.54 kB         103 kB
├ ƒ /api/instalaciones/[id]/activar                              1.54 kB         103 kB
├ ƒ /api/instalaciones/[id]/completa                             1.54 kB         103 kB
├ ƒ /api/instalaciones/[id]/completa-simple                      1.54 kB         103 kB
├ ƒ /api/instalaciones/[id]/completa-v2                          1.54 kB         103 kB
├ ƒ /api/instalaciones/[id]/estadisticas                         1.54 kB         103 kB
├ ƒ /api/instalaciones/[id]/estadisticas_v2                      1.54 kB         103 kB
├ ƒ /api/instalaciones/[id]/estructuras-servicio                 1.54 kB         103 kB
├ ƒ /api/instalaciones/[id]/estructuras-servicio/[estructuraId]  1.54 kB         103 kB
├ ƒ /api/instalaciones/[id]/inactivar                            1.54 kB         103 kB
├ ƒ /api/instalaciones/[id]/ppc                                  1.54 kB         103 kB
├ ƒ /api/instalaciones/[id]/ppc-activos                          1.54 kB         103 kB
├ ƒ /api/instalaciones/[id]/ppc-activos_v2                       1.54 kB         103 kB
├ ƒ /api/instalaciones/[id]/ppc/[ppcId]                          1.54 kB         103 kB
├ ƒ /api/instalaciones/[id]/ppc/[ppcId]/desasignar               1.54 kB         103 kB
├ ƒ /api/instalaciones/[id]/ppc/[ppcId]/desasignar_v2            1.54 kB         103 kB
├ ƒ /api/instalaciones/[id]/ppc/desasignar                       1.54 kB         103 kB
├ ƒ /api/instalaciones/[id]/ppc/desasignar_v2                    1.54 kB         103 kB
├ ƒ /api/instalaciones/[id]/ppcs                                 1.54 kB         103 kB
├ ƒ /api/instalaciones/[id]/puestos/[puestoId]                   1.54 kB         103 kB
├ ƒ /api/instalaciones/[id]/turnos                               1.54 kB         103 kB
├ ƒ /api/instalaciones/[id]/turnos_v2                            1.54 kB         103 kB
├ ƒ /api/instalaciones/[id]/turnos/[turnoId]                     1.54 kB         103 kB
├ ƒ /api/instalaciones/[id]/turnos/[turnoId]/agregar-ppcs        1.54 kB         103 kB
├ ƒ /api/instalaciones/[id]/turnos/[turnoId]/agregar-puesto      1.54 kB         103 kB
├ ƒ /api/instalaciones/[id]/turnos/[turnoId]/asignar-guardia     1.54 kB         103 kB
├ ƒ /api/instalaciones/[id]/turnos/[turnoId]/desasignar-guardia  1.54 kB         103 kB
├ ƒ /api/instalaciones/[id]/turnos/[turnoId]/eliminar_turno_v2   1.54 kB         103 kB
├ ƒ /api/instalaciones/[id]/turnos/[turnoId]/eliminar-puesto     1.54 kB         103 kB
├ ƒ /api/instalaciones/[id]/turnos/[turnoId]/limpiar-puestos     1.54 kB         103 kB
├ ƒ /api/instalaciones/[id]/turnos/[turnoId]/puestos             1.54 kB         103 kB
├ ƒ /api/instalaciones/asignacion-automatica                     1.54 kB         103 kB
├ ƒ /api/instalaciones/documentos-vencidos                       1.54 kB         103 kB
├ ƒ /api/instalaciones/exportar                                  1.54 kB         103 kB
├ ƒ /api/instalaciones/guardias-asignados                        1.54 kB         103 kB
├ ƒ /api/instalaciones/importar                                  1.54 kB         103 kB
├ ƒ /api/instalaciones/kpis                                      1.54 kB         103 kB
├ ƒ /api/instalaciones/plantilla                                 1.54 kB         103 kB
├ ƒ /api/instalaciones/ppc-metrics                               1.54 kB         103 kB
├ ƒ /api/instalaciones/ppcs-pendientes                           1.54 kB         103 kB
├ ƒ /api/instalaciones/trazabilidad                              1.54 kB         103 kB
├ ƒ /api/instalaciones/turnos                                    1.54 kB         103 kB
├ ƒ /api/isapres                                                 1.54 kB         103 kB
├ ƒ /api/logs                                                    1.54 kB         103 kB
├ ƒ /api/logs/check-structure                                    1.54 kB         103 kB
├ ƒ /api/logs/cleanup-test                                       1.54 kB         103 kB
├ ƒ /api/logs/exportar                                           1.54 kB         103 kB
├ ƒ /api/logs/filtros                                            1.54 kB         103 kB
├ ƒ /api/logs/test                                               1.54 kB         103 kB
├ ƒ /api/me/effective-permissions                                1.54 kB         103 kB
├ ƒ /api/me/password                                             1.54 kB         103 kB
├ ƒ /api/me/permissions                                          1.54 kB         103 kB
├ ƒ /api/me/ping                                                 1.54 kB         103 kB
├ ƒ /api/me/profile                                              1.54 kB         103 kB
├ ƒ /api/migrate                                                 1.54 kB         103 kB
├ ƒ /api/migrate-alertas-documentos                              1.54 kB         103 kB
├ ƒ /api/migrate-clientes                                        1.54 kB         103 kB
├ ƒ /api/migrate-documentos                                      1.54 kB         103 kB
├ ƒ /api/migrate-documentos-tipos-multi-tenant                   1.54 kB         103 kB
├ ƒ /api/migrate-documents-multitenant                           1.54 kB         103 kB
├ ƒ /api/migrate-estructuras-servicio                            1.54 kB         103 kB
├ ƒ /api/migrate-logs-clientes                                   1.54 kB         103 kB
├ ƒ /api/migrate-planillas-add-codigo                            1.54 kB         103 kB
├ ƒ /api/migrate-planillas-turnos-extras                         1.54 kB         103 kB
├ ƒ /api/migrate-preserve                                        1.54 kB         103 kB
├ ƒ /api/migrate-rename-tables-te                                1.54 kB         103 kB
├ ƒ /api/migrate-sueldo-tables                                   1.54 kB         103 kB
├ ƒ /api/migrate-tipos-documentos                                1.54 kB         103 kB
├ ƒ /api/migrate-tipos-documentos-postulacion                    1.54 kB         103 kB
├ ƒ /api/migrate-usuarios                                        1.54 kB         103 kB
├ ƒ /api/notificaciones                                          1.54 kB         103 kB
├ ƒ /api/notificaciones/[id]                                     1.54 kB         103 kB
├ ƒ /api/notificaciones/marcar-todas-leidas                      1.54 kB         103 kB
├ ƒ /api/notificaciones/setup                                    1.54 kB         103 kB
├ ƒ /api/pauta-diaria                                            1.54 kB         103 kB
├ ƒ /api/pauta-diaria-v2/actualizar-estado                       1.54 kB         103 kB
├ ƒ /api/pauta-diaria-v2/comentarios/[id]                        1.54 kB         103 kB
├ ƒ /api/pauta-diaria-v2/create-ppc                              1.54 kB         103 kB
├ ƒ /api/pauta-diaria-v2/data                                    1.54 kB         103 kB
├ ƒ /api/pauta-diaria-v2/monitoreo-tiempo-real                   1.54 kB         103 kB
├ ƒ /api/pauta-diaria-v2/observaciones/[id]                      1.54 kB         103 kB
├ ƒ /api/pauta-diaria-v2/semaforo/[id]                           1.54 kB         103 kB
├ ƒ /api/pauta-diaria/del-dia                                    1.54 kB         103 kB
├ ƒ /api/pauta-diaria/horas-extras                               1.54 kB         103 kB
├ ƒ /api/pauta-diaria/horas-extras/eliminar                      1.54 kB         103 kB
├ ƒ /api/pauta-diaria/observacion/[id]                           1.54 kB         103 kB
├ ƒ /api/pauta-diaria/turno-extra                                1.54 kB         103 kB
├ ƒ /api/pauta-diaria/turno-extra/dashboard                      1.54 kB         103 kB
├ ƒ /api/pauta-diaria/turno-extra/exportar                       1.54 kB         103 kB
├ ƒ /api/pauta-diaria/turno-extra/limpiar                        1.54 kB         103 kB
├ ƒ /api/pauta-diaria/turno-extra/marcar-pagado                  1.54 kB         103 kB
├ ƒ /api/pauta-diaria/turno-extra/planillas                      1.54 kB         103 kB
├ ƒ /api/pauta-diaria/turno-extra/planillas/[id]/descargar       1.54 kB         103 kB
├ ƒ /api/pauta-diaria/turno-extra/planillas/[id]/eliminar        1.54 kB         103 kB
├ ƒ /api/pauta-diaria/turno-extra/planillas/[id]/marcar-pagada   1.54 kB         103 kB
├ ƒ /api/pauta-diaria/turno-extra/preservar                      1.54 kB         103 kB
├ ƒ /api/pauta-diaria/turno-extra/stats                          1.54 kB         103 kB
├ ƒ /api/pauta-diaria/turno-extra/sync-coberturas                1.54 kB         103 kB
├ ƒ /api/pauta-diaria/turno-extra/test                           1.54 kB         103 kB
├ ƒ /api/pauta-mensual                                           1.54 kB         103 kB
├ ƒ /api/pauta-mensual/actualizar-celda                          1.54 kB         103 kB
├ ƒ /api/pauta-mensual/crear                                     1.54 kB         103 kB
├ ƒ /api/pauta-mensual/eliminar                                  1.54 kB         103 kB
├ ƒ /api/pauta-mensual/exportar-pdf                              1.54 kB         103 kB
├ ƒ /api/pauta-mensual/exportar-xlsx                             1.54 kB         103 kB
├ ƒ /api/pauta-mensual/guardar                                   1.54 kB         103 kB
├ ƒ /api/pauta-mensual/instalaciones-disponibles                 1.54 kB         103 kB
├ ƒ /api/pauta-mensual/instalaciones-mes-anterior                1.54 kB         103 kB
├ ƒ /api/pauta-mensual/replicar-mes-anterior                     1.54 kB         103 kB
├ ƒ /api/pauta-mensual/resumen                                   1.54 kB         103 kB
├ ƒ /api/pauta-mensual/verificar-roles                           1.54 kB         103 kB
├ ƒ /api/payroll/bonos                                           1.54 kB         103 kB
├ ƒ /api/payroll/bonos/schema                                    1.54 kB         103 kB
├ ƒ /api/payroll/calcular                                        1.54 kB         103 kB
├ ƒ /api/payroll/calculo-ejemplo                                 1.54 kB         103 kB
├ ƒ /api/payroll/debug-items                                     1.54 kB         103 kB
├ ƒ /api/payroll/debug-table-structure                           1.54 kB         103 kB
├ ƒ /api/payroll/debug/instalaciones                             1.54 kB         103 kB
├ ƒ /api/payroll/debug/tables                                    1.54 kB         103 kB
├ ƒ /api/payroll/estructuras-guardia                             1.54 kB         103 kB
├ ƒ /api/payroll/estructuras-guardia/[id]                        1.54 kB         103 kB
├ ƒ /api/payroll/estructuras-guardia/[id]/cerrar                 1.54 kB         103 kB
├ ƒ /api/payroll/estructuras-guardia/[id]/inactivar              1.54 kB         103 kB
├ ƒ /api/payroll/estructuras-guardia/[id]/items                  1.54 kB         103 kB
├ ƒ /api/payroll/estructuras-guardia/check                       1.54 kB         103 kB
├ ƒ /api/payroll/estructuras-guardia/debug                       1.54 kB         103 kB
├ ƒ /api/payroll/estructuras-guardia/debug-simple                1.54 kB         103 kB
├ ƒ /api/payroll/estructuras-guardia/ensure                      1.54 kB         103 kB
├ ƒ /api/payroll/estructuras-guardia/historial                   1.54 kB         103 kB
├ ƒ /api/payroll/estructuras-guardia/items                       1.54 kB         103 kB
├ ƒ /api/payroll/estructuras-guardia/items/[id]                  1.54 kB         103 kB
├ ƒ /api/payroll/estructuras-guardia/list                        1.54 kB         103 kB
├ ƒ /api/payroll/estructuras-guardia/schema                      1.54 kB         103 kB
├ ƒ /api/payroll/estructuras-guardia/setup                       1.54 kB         103 kB
├ ƒ /api/payroll/estructuras-guardia/test                        1.54 kB         103 kB
├ ƒ /api/payroll/estructuras-servicio/vigente                    1.54 kB         103 kB
├ ƒ /api/payroll/estructuras-unificadas                          1.54 kB         103 kB
├ ƒ /api/payroll/estructuras-unificadas/[id]/delete              1.54 kB         103 kB
├ ƒ /api/payroll/estructuras-unificadas/[id]/toggle              1.54 kB         103 kB
├ ƒ /api/payroll/estructuras-unificadas/debug                    1.54 kB         103 kB
├ ƒ /api/payroll/estructuras-unificadas/filtros                  1.54 kB         103 kB
├ ƒ /api/payroll/estructuras-unificadas/schema                   1.54 kB         103 kB
├ ƒ /api/payroll/estructuras-unificadas/setup                    1.54 kB         103 kB
├ ƒ /api/payroll/estructuras-unificadas/test                     1.54 kB         103 kB
├ ƒ /api/payroll/estructuras/instalacion                         1.54 kB         103 kB
├ ƒ /api/payroll/estructuras/instalacion/[id]                    1.54 kB         103 kB
├ ƒ /api/payroll/estructuras/instalacion/[id]/cerrar             1.54 kB         103 kB
├ ƒ /api/payroll/estructuras/instalacion/[id]/inactivar          1.54 kB         103 kB
├ ƒ /api/payroll/estructuras/instalacion/[id]/items              1.54 kB         103 kB
├ ƒ /api/payroll/estructuras/instalacion/create                  1.54 kB         103 kB
├ ƒ /api/payroll/estructuras/instalacion/ensure                  1.54 kB         103 kB
├ ƒ /api/payroll/estructuras/instalacion/fix-vigencia            1.54 kB         103 kB
├ ƒ /api/payroll/estructuras/instalacion/items                   1.54 kB         103 kB
├ ƒ /api/payroll/estructuras/instalacion/items/[id]              1.54 kB         103 kB
├ ƒ /api/payroll/estructuras/instalacion/list                    1.54 kB         103 kB
├ ƒ /api/payroll/estructuras/instalacion/sueldo-base/[id]        1.54 kB         103 kB
├ ƒ /api/payroll/estructuras/list                                1.54 kB         103 kB
├ ƒ /api/payroll/estructuras/update                              1.54 kB         103 kB
├ ƒ /api/payroll/guardias                                        1.54 kB         103 kB
├ ƒ /api/payroll/instalaciones                                   1.54 kB         103 kB
├ ƒ /api/payroll/instalaciones-con-roles                         1.54 kB         103 kB
├ ƒ /api/payroll/items                                           1.54 kB         103 kB
├ ƒ /api/payroll/items-extras                                    1.54 kB         103 kB
├ ƒ /api/payroll/items/[id]                                      1.54 kB         103 kB
├ ƒ /api/payroll/items/items-extras                              1.54 kB         103 kB
├ ƒ /api/payroll/items/opciones                                  1.54 kB         103 kB
├ ƒ /api/payroll/parametros                                      1.54 kB         103 kB
├ ƒ /api/payroll/roles-por-instalacion                           1.54 kB         103 kB
├ ƒ /api/payroll/roles-servicio                                  1.54 kB         103 kB
├ ƒ /api/payroll/sueldo-items                                    1.54 kB         103 kB
├ ƒ /api/payroll/valores-utm-uf                                  1.54 kB         103 kB
├ ƒ /api/postulacion/crear                                       1.54 kB         103 kB
├ ƒ /api/postulacion/documento                                   1.54 kB         103 kB
├ ƒ /api/postulacion/documento/[filename]                        1.54 kB         103 kB
├ ƒ /api/postulacion/documentos/[guardiaId]                      1.54 kB         103 kB
├ ƒ /api/ppc                                                     1.54 kB         103 kB
├ ƒ /api/ppc/asignar                                             1.54 kB         103 kB
├ ƒ /api/ppc/asignar-simple                                      1.54 kB         103 kB
├ ƒ /api/ppc/metricas                                            1.54 kB         103 kB
├ ƒ /api/ppc/pendientes                                          1.54 kB         103 kB
├ ƒ /api/ppc/verificar-conflicto                                 1.54 kB         103 kB
├ ƒ /api/ppcs-todos                                              1.54 kB         103 kB
├ ƒ /api/rbac/can                                                1.54 kB         103 kB
├ ƒ /api/rename-tipos-documentos                                 1.54 kB         103 kB
├ ƒ /api/roles                                                   1.54 kB         103 kB
├ ƒ /api/roles-servicio                                          1.54 kB         103 kB
├ ƒ /api/roles-servicio/[id]                                     1.54 kB         103 kB
├ ƒ /api/roles-servicio/[id]/series                              1.54 kB         103 kB
├ ƒ /api/roles-servicio/[id]/toggle-activo                       1.54 kB         103 kB
├ ƒ /api/roles-servicio/activar                                  1.54 kB         103 kB
├ ƒ /api/roles-servicio/inactivar                                1.54 kB         103 kB
├ ƒ /api/roles-servicio/instalacion/[id]                         1.54 kB         103 kB
├ ƒ /api/roles-servicio/stats                                    1.54 kB         103 kB
├ ƒ /api/roles-servicio/sugeridos/[instalacionId]                1.54 kB         103 kB
├ ƒ /api/roles-servicio/test-inactivar                           1.54 kB         103 kB
├ ƒ /api/roles-servicio/verificar-guardias                       1.54 kB         103 kB
├ ƒ /api/roles-servicio/verificar-pautas                         1.54 kB         103 kB
├ ƒ /api/setup-alarmas                                           1.54 kB         103 kB
├ ƒ /api/setup-document-types                                    1.54 kB         103 kB
├ ƒ /api/setup-permissions                                       1.54 kB         103 kB
├ ƒ /api/setup/add-horas-extras-field                            1.54 kB         103 kB
├ ƒ /api/setup/check-existing-view                               1.54 kB         103 kB
├ ƒ /api/setup/check-puestos-structure                           1.54 kB         103 kB
├ ƒ /api/setup/check-table-structure                             1.54 kB         103 kB
├ ƒ /api/setup/update-vista-add-horas-extras                     1.54 kB         103 kB
├ ƒ /api/setup/update-vista-horas-extras                         1.54 kB         103 kB
├ ƒ /api/simple-fix-sueldo                                       1.54 kB         103 kB
├ ƒ /api/sueldos/calcular                                        1.54 kB         103 kB
├ ƒ /api/sueldos/debug-tabla                                     1.54 kB         103 kB
├ ƒ /api/sueldos/init-db                                         1.54 kB         103 kB
├ ƒ /api/sueldos/migrar-estructura                               1.54 kB         103 kB
├ ƒ /api/sueldos/migrar-parametros                               1.54 kB         103 kB
├ ƒ /api/sueldos/migrate                                         1.54 kB         103 kB
├ ƒ /api/sueldos/parametros                                      1.54 kB         103 kB
├ ƒ /api/sueldos/parametros/copiar                               1.54 kB         103 kB
├ ƒ /api/sueldos/parametros/periodos                             1.54 kB         103 kB
├ ƒ /api/sueldos/planilla                                        1.54 kB         103 kB
├ ƒ /api/sueldos/reporte                                         1.54 kB         103 kB
├ ƒ /api/sueldos/test                                            1.54 kB         103 kB
├ ƒ /api/sueldos/verificar-parametros                            1.54 kB         103 kB
├ ƒ /api/sync/force-sync-pauta                                   1.54 kB         103 kB
├ ƒ /api/temp-create-users                                       1.54 kB         103 kB
├ ƒ /api/test                                                    1.54 kB         103 kB
├ ƒ /api/test-activar                                            1.54 kB         103 kB
├ ƒ /api/test-address-parsing                                    1.54 kB         103 kB
├ ƒ /api/test-afp                                                1.54 kB         103 kB
├ ƒ /api/test-alarma                                             1.54 kB         103 kB
├ ƒ /api/test-asistencia                                         1.54 kB         103 kB
├ ƒ /api/test-auth                                               1.54 kB         103 kB
├ ƒ /api/test-db-connection                                      1.54 kB         103 kB
├ ƒ /api/test-db-structure                                       1.54 kB         103 kB
├ ƒ /api/test-estructuras-sueldo                                 1.54 kB         103 kB
├ ƒ /api/test-guardias-validation                                1.54 kB         103 kB
├ ƒ /api/test-instalaciones                                      1.54 kB         103 kB
├ ƒ /api/test-limpio                                             1.54 kB         103 kB
├ ƒ /api/test-middleware                                         1.54 kB         103 kB
├ ƒ /api/test-param                                              1.54 kB         103 kB
├ ƒ /api/test-planillas                                          1.54 kB         103 kB
├ ƒ /api/test-roles-servicio                                     1.54 kB         103 kB
├ ƒ /api/test-sse                                                1.54 kB         103 kB
├ ƒ /api/test-sueldo-simple                                      1.54 kB         103 kB
├ ƒ /api/test-table-structure                                    1.54 kB         103 kB
├ ƒ /api/test-tipos-documentos                                   1.54 kB         103 kB
├ ƒ /api/test-turno-update                                       1.54 kB         103 kB
├ ƒ /api/test-turnos-extras                                      1.54 kB         103 kB
├ ƒ /api/test-upload                                             1.54 kB         103 kB
├ ƒ /api/tipos-documentos                                        1.54 kB         103 kB
├ ƒ /api/tipos-documentos-debug                                  1.54 kB         103 kB
├ ƒ /api/tipos-documentos-simple                                 1.54 kB         103 kB
├ ƒ /api/tipos-puesto                                            1.54 kB         103 kB
├ ƒ /api/tipos-puesto/[id]                                       1.54 kB         103 kB
├ ƒ /api/tramos-asignacion                                       1.54 kB         103 kB
├ ƒ /api/turnos-extras/horas-extras/[pauta_id]                   1.54 kB         103 kB
├ ƒ /api/turnos-extras/materializado/[id]                        1.54 kB         103 kB
├ ƒ /api/turnos-extras/materializado/[id]/valor                  1.54 kB         103 kB
├ ƒ /api/turnos-extras/virtual/[pauta_id]                        1.54 kB         103 kB
├ ƒ /api/turnos-extras/virtual/[pauta_id]/valor                  1.54 kB         103 kB
├ ƒ /api/turnos/asistencia                                       1.54 kB         103 kB
├ ƒ /api/turnos/asistencia-new                                   1.54 kB         103 kB
├ ƒ /api/turnos/asistencia/undo                                  1.54 kB         103 kB
├ ƒ /api/turnos/cobertura                                        1.54 kB         103 kB
├ ƒ /api/turnos/comentarios                                      1.54 kB         103 kB
├ ƒ /api/turnos/deshacer                                         1.54 kB         103 kB
├ ƒ /api/turnos/deshacer-new                                     1.54 kB         103 kB
├ ƒ /api/turnos/extra-new                                        1.54 kB         103 kB
├ ƒ /api/turnos/inasistencia                                     1.54 kB         103 kB
├ ƒ /api/turnos/ppc/cubrir                                       1.54 kB         103 kB
├ ƒ /api/turnos/ppc/sin-cobertura                                1.54 kB         103 kB
├ ƒ /api/turnos/reemplazo-new                                    1.54 kB         103 kB
├ ƒ /api/turnos/revertir                                         1.54 kB         103 kB
├ ƒ /api/upload-document                                         1.54 kB         103 kB
├ ƒ /api/users                                                   1.54 kB         103 kB
├ ƒ /api/validar-fecha-asignacion                                1.54 kB         103 kB
├ ƒ /api/vars/variables                                          1.54 kB         103 kB
├ ○ /buscador-ggss                                               16.9 kB         208 kB
├ ○ /central-monitoreo                                           12.3 kB         207 kB
├ ○ /central-monitoreo/configuracion                             5.58 kB         143 kB
├ ○ /clientes                                                    11.1 kB         160 kB
├ ƒ /clientes/[id]                                               10.8 kB         208 kB
├ ○ /clientes/nuevo                                              10.8 kB         123 kB
├ ○ /configuracion                                                  5 kB         117 kB
├ ○ /configuracion/estructuras-servicio                          9.61 kB         150 kB
├ ○ /configuracion/postulaciones                                 9.27 kB         157 kB
├ ○ /configuracion/roles-servicio                                  15 kB         137 kB
├ ○ /configuracion/seguridad                                     1.83 kB         117 kB
├ ○ /configuracion/seguridad/migrate                             5.49 kB         118 kB
├ ○ /configuracion/seguridad/permisos                            5.42 kB         114 kB
├ ○ /configuracion/seguridad/roles                               6.89 kB         119 kB
├ ƒ /configuracion/seguridad/roles/[id]                          8.43 kB         117 kB
├ ƒ /configuracion/seguridad/roles/[id]/permisos                 9.13 kB         118 kB
├ ○ /configuracion/seguridad/tenants                             5.64 kB         118 kB
├ ƒ /configuracion/seguridad/tenants/[id]                        6.17 kB         118 kB
├ ○ /configuracion/seguridad/usuarios                            8.08 kB         149 kB
├ ○ /configuracion/sistema                                       5.59 kB         148 kB
├ ○ /configuracion/tipos-documentos                              8.45 kB         183 kB
├ ○ /configuracion/tipos-puesto                                  9.25 kB         150 kB
├ ○ /configuracion/variables                                     6.01 kB         151 kB
├ ○ /control-asistencias                                         1.25 kB         197 kB
├ ○ /database-status                                             3.04 kB         112 kB
├ ○ /debug-hover                                                 3.53 kB         112 kB
├ ○ /documentos                                                    12 kB         197 kB
├ ○ /documentos/plantillas                                       6.04 kB         151 kB
├ ƒ /documentos/plantillas/[id]                                  3.75 kB         155 kB
├ ○ /documentos/plantillas/editor                                4.56 kB         156 kB
├ ○ /documentos/plantillas/nueva                                 4.92 kB         157 kB
├ ○ /estructuras                                                   550 B         102 kB
├ ○ /guardias                                                    19.2 kB         258 kB
├ ƒ /guardias/[id]                                               22.7 kB         226 kB
├ ƒ /guardias/[id]/editar                                        10.1 kB         155 kB
├ ƒ /icon                                                        1.54 kB         103 kB
├ ○ /instalaciones                                               9.62 kB         223 kB
├ ƒ /instalaciones/[id]                                          29.1 kB         244 kB
├ ƒ /instalaciones/[id]/editar                                   10.7 kB         157 kB
├ ○ /legacy/pauta-diaria                                         1.54 kB         103 kB
├ ƒ /legacy/pauta-diaria/[fecha]                                 8.21 kB         409 kB
├ ○ /login                                                       3.84 kB         116 kB
├ ○ /logs                                                        5.47 kB         143 kB
├ ○ /migrar-parametros                                           4.38 kB         116 kB
├ ○ /optimizacion-asignaciones                                    9.6 kB         151 kB
├ ○ /pauta-diaria                                                1.47 kB         240 kB
├ ○ /pauta-diaria-v2                                             1.99 kB         252 kB
├ ƒ /pauta-diaria/[fecha]                                        9.47 kB         414 kB
├ ○ /pauta-diaria/turnos-extras                                    22 kB         186 kB
├ ○ /pauta-diaria/turnos-extras/historial                        6.12 kB         134 kB
├ ○ /pauta-mensual                                               10.8 kB         189 kB
├ ƒ /pauta-mensual/[id]                                          10.5 kB         213 kB
├ ○ /pauta-mensual/editar                                        2.42 kB         196 kB
├ ○ /pautas                                                      1.54 kB         103 kB
├ ○ /payroll                                                     7.42 kB         119 kB
├ ○ /payroll/calculo-ejemplo                                     5.94 kB         118 kB
├ ○ /payroll/calculos                                             2.6 kB         147 kB
├ ○ /payroll/estructuras                                         7.94 kB         149 kB
├ ○ /payroll/estructuras-guardia                                 11.7 kB         179 kB
├ ○ /payroll/estructuras-unificadas                              7.51 kB         148 kB
├ ○ /payroll/items-extras                                          23 kB         209 kB
├ ○ /payroll/items-globales                                      8.27 kB         149 kB
├ ○ /payroll/parametros                                          8.35 kB         120 kB
├ ○ /payroll/reportes                                            6.31 kB         148 kB
├ ○ /payroll/valores-utm-uf                                      6.16 kB         118 kB
├ ○ /perfil                                                      6.73 kB         115 kB
├ ○ /planillas                                                   1.54 kB         103 kB
├ ƒ /postulacion/[tenantId]                                      12.3 kB         190 kB
├ ○ /ppc                                                         12.3 kB         195 kB
├ ○ /recuperar-contrasena                                        3.33 kB         115 kB
├ ○ /restablecer-contrasena                                         4 kB         116 kB
├ ○ /sueldos                                                      4.3 kB         149 kB
├ ○ /sueldos/parametros                                           5.3 kB         150 kB
├ ○ /test-auth                                                   5.76 kB         114 kB
├ ○ /turnos-extras                                               4.83 kB         113 kB
└ ○ /usuarios                                                    1.54 kB         103 kB
+ First Load JS shared by all                                     102 kB
  ├ chunks/31255-d1a2b49835a16599.js                             45.6 kB
  ├ chunks/4bd1b696-bad92808725a934a.js                          54.2 kB
  └ other shared chunks (total)                                  2.09 kB


ƒ Middleware                                                     34.4 kB

○  (Static)   prerendered as static content
ƒ  (Dynamic)  server-rendered on demand

